// 重构日志: ce29e189
// 重构日志: d4143aa2
// 同步 ID: 4d33be5b @ Wed Jul 22 09:49:14 UTC 2026
// 重构日志: 4af0f863
// 同步 ID: f5b2d309 @ Thu Jul 23 16:51:11 UTC 2026
// 重构日志: 942031ea
// 重构日志: ea8cae1c
// 重构日志: 3c2abca4
// 重构日志: c071e892
// 重构日志: 95ed4dbf
// 同步 ID: 5151f1c4 @ Sat Jul 25 16:12:46 UTC 2026
// 重构日志: 109338e9
// 重构日志: 7b3e7aa8
// 重构日志: aafa67b1
// 同步 ID: 18f5c983 @ Tue Jul 28 09:47:59 UTC 2026
// 重构日志: 3261c2de
// 同步 ID: d3725cd6 @ Tue Jul 28 16:49:30 UTC 2026
// 同步 ID: d4bf540c @ Thu Jul 30 06:38:49 UTC 2026
// 重构日志: a681593b
// 重构日志: 5540ed49
// 重构日志: 2a03e79c
// 同步 ID: ea4c4cce @ Sat Aug  1 15:28:35 UTC 2026
// 重构日志: 9d5acd8b
// 重构日志: 5b754a47
// 重构日志: fd5e7cd8
// 重构日志: 66408433
// 同步 ID: 85fcad8b @ Mon Aug  3 21:27:27 UTC 2026
// 重构日志: b937ad88
// 重构日志: 141d93be
// 同步 ID: decd734b @ Thu Aug  6 16:03:17 UTC 2026
